---
source: src/rds/tests.rs
expression: data
---
Sexp {
    kind: Str(
        [
            "a",
            "ahoj",
        ],
    ),
    metadata: MetaData { attr: None },
}
