---
source: src/rds/tests.rs
expression: data
---
Sexp {
    kind: Closure(
        Closure {
            formals: [
                Formal {
                    name: Sym {
                        data: "a",
                    },
                    value: Sexp {
                        kind: MissingArg,
                        metadata: MetaData { attr: None },
                    },
                },
                Formal {
                    name: Sym {
                        data: "b",
                    },
                    value: Sexp {
                        kind: Real(
                            [
                                0.0,
                            ],
                        ),
                        metadata: MetaData { attr: None },
                    },
                },
            ],
            body: Sexp {
                kind: Lang(
                    Lang {
                        target: Sym(
                            Sym {
                                data: "{",
                            },
                        ),
                        args: [
                            TaggedSexp {
                                tag: None,
                                data: Sexp {
                                    kind: Lang(
                                        Lang {
                                            target: Sym(
                                                Sym {
                                                    data: "<-",
                                                },
                                            ),
                                            args: [
                                                TaggedSexp {
                                                    tag: None,
                                                    data: Sexp {
                                                        kind: Sym(
                                                            Sym {
                                                                data: "x",
                                                            },
                                                        ),
                                                        metadata: MetaData { attr: None },
                                                    },
                                                },
                                                TaggedSexp {
                                                    tag: None,
                                                    data: Sexp {
                                                        kind: Lang(
                                                            Lang {
                                                                target: Sym(
                                                                    Sym {
                                                                        data: "c",
                                                                    },
                                                                ),
                                                                args: [
                                                                    TaggedSexp {
                                                                        tag: None,
                                                                        data: Sexp {
                                                                            kind: Sym(
                                                                                Sym {
                                                                                    data: "a",
                                                                                },
                                                                            ),
                                                                            metadata: MetaData { attr: None },
                                                                        },
                                                                    },
                                                                    TaggedSexp {
                                                                        tag: None,
                                                                        data: Sexp {
                                                                            kind: Real(
                                                                                [
                                                                                    1.0,
                                                                                ],
                                                                            ),
                                                                            metadata: MetaData { attr: None },
                                                                        },
                                                                    },
                                                                ],
                                                            },
                                                        ),
                                                        metadata: MetaData { attr: None },
                                                    },
                                                },
                                            ],
                                        },
                                    ),
                                    metadata: MetaData { attr: None },
                                },
                            },
                            TaggedSexp {
                                tag: None,
                                data: Sexp {
                                    kind: Lang(
                                        Lang {
                                            target: Sym(
                                                Sym {
                                                    data: "[[",
                                                },
                                            ),
                                            args: [
                                                TaggedSexp {
                                                    tag: None,
                                                    data: Sexp {
                                                        kind: Sym(
                                                            Sym {
                                                                data: "x",
                                                            },
                                                        ),
                                                        metadata: MetaData { attr: None },
                                                    },
                                                },
                                                TaggedSexp {
                                                    tag: None,
                                                    data: Sexp {
                                                        kind: Sym(
                                                            Sym {
                                                                data: "b",
                                                            },
                                                        ),
                                                        metadata: MetaData { attr: None },
                                                    },
                                                },
                                            ],
                                        },
                                    ),
                                    metadata: MetaData { attr: None },
                                },
                            },
                        ],
                    },
                ),
                metadata: MetaData { attr: None },
            },
            environment: Global,
        },
    ),
    metadata: MetaData { attr: None },
}
