---
source: src/rds/tests.rs
expression: res
---
Sexp {
    kind: Vec(
        [
            Sexp {
                kind: Real(
                    [
                        1.0,
                    ],
                ),
                metadata: MetaData { attr: None },
            },
        ],
    ),
    metadata: MetaData { attr: Some(
        Sexp {
            kind: List(
                [
                    TaggedSexp {
                        tag: Some(
                            Sym {
                                data: "names",
                            },
                        ),
                        data: Sexp {
                            kind: Str(
                                [
                                    "a",
                                ],
                            ),
                            metadata: MetaData { attr: None },
                        },
                    },
                ],
            ),
            metadata: MetaData { attr: None },
        },
    ) },
}
