---
source: src/rds/tests.rs
expression: data
---
Sexp {
    kind: Environment(
        Normal(
            NormalEnv {
                parent: Global,
                locked: false,
                frame: None,
                hash_frame: Some([Sexp { kind: Nil, metadata: MetaData { attr: None } }, Sexp { kind: Nil, metadata: MetaData { attr: None } }, Sexp { kind: Nil, metadata: MetaData { attr: None } }, Sexp { kind: Nil, metadata: MetaData { attr: None } }, Sexp { kind: Nil, metadata: MetaData { attr: None } }, Sexp { kind: Nil, metadata: MetaData { attr: None } }, Sexp { kind: Nil, metadata: MetaData { attr: None } }, Sexp { kind: Nil, metadata: MetaData { attr: None } }, Sexp { kind: Nil, metadata: MetaData { attr: None } }, Sexp { kind: Nil, metadata: MetaData { attr: None } }, Sexp { kind: List([TaggedSexp { tag: Some("a"), data: Sexp { kind: Real([1.0]), metadata: MetaData { attr: None } } }]), metadata: MetaData { attr: None } }, Sexp { kind: List([TaggedSexp { tag: Some("b"), data: Sexp { kind: Real([2.0]), metadata: MetaData { attr: None } } }]), metadata: MetaData { attr: None } }, Sexp { kind: Nil, metadata: MetaData { attr: None } }, Sexp { kind: Nil, metadata: MetaData { attr: None } }, Sexp { kind: Nil, metadata: MetaData { attr: None } }, Sexp { kind: Nil, metadata: MetaData { attr: None } }, Sexp { kind: Nil, metadata: MetaData { attr: None } }, Sexp { kind: Nil, metadata: MetaData { attr: None } }, Sexp { kind: Nil, metadata: MetaData { attr: None } }, Sexp { kind: Nil, metadata: MetaData { attr: None } }, Sexp { kind: Nil, metadata: MetaData { attr: None } }, Sexp { kind: Nil, metadata: MetaData { attr: None } }, Sexp { kind: Nil, metadata: MetaData { attr: None } }, Sexp { kind: Nil, metadata: MetaData { attr: None } }, Sexp { kind: Nil, metadata: MetaData { attr: None } }, Sexp { kind: Nil, metadata: MetaData { attr: None } }, Sexp { kind: Nil, metadata: MetaData { attr: None } }, Sexp { kind: Nil, metadata: MetaData { attr: None } }, Sexp { kind: Nil, metadata: MetaData { attr: None } }]),
            },
        ),
    ),
    metadata: MetaData {
        attr: Some(
            Sexp {
                kind: Nil,
                metadata: MetaData {
                    attr: None,
                },
            },
        ),
    },
}
