---
source: src/rds/tests.rs
expression: res
---
Sexp {
    kind: Environment(
        Normal(
            NormalEnv {
                parent: Global,
                locked: false,
                frame: None,
                hash_frame: Some([Sexp { kind: Nil, metadata: MetaData { attr: None } }, Sexp { kind: Nil, metadata: MetaData { attr: None } }, Sexp { kind: Nil, metadata: MetaData { attr: None } }, Sexp { kind: Nil, metadata: MetaData { attr: None } }, Sexp { kind: Nil, metadata: MetaData { attr: None } }, Sexp { kind: Nil, metadata: MetaData { attr: None } }, Sexp { kind: Nil, metadata: MetaData { attr: None } }, Sexp { kind: Nil, metadata: MetaData { attr: None } }, Sexp { kind: Nil, metadata: MetaData { attr: None } }, Sexp { kind: Nil, metadata: MetaData { attr: None } }, Sexp { kind: Nil, metadata: MetaData { attr: None } }, Sexp { kind: Nil, metadata: MetaData { attr: None } }, Sexp { kind: Nil, metadata: MetaData { attr: None } }, Sexp { kind: Nil, metadata: MetaData { attr: None } }, Sexp { kind: Nil, metadata: MetaData { attr: None } }, Sexp { kind: Nil, metadata: MetaData { attr: None } }, Sexp { kind: Nil, metadata: MetaData { attr: None } }, Sexp { kind: Nil, metadata: MetaData { attr: None } }, Sexp { kind: Nil, metadata: MetaData { attr: None } }, Sexp { kind: Nil, metadata: MetaData { attr: None } }, Sexp { kind: Nil, metadata: MetaData { attr: None } }, Sexp { kind: Nil, metadata: MetaData { attr: None } }, Sexp { kind: Nil, metadata: MetaData { attr: None } }, Sexp { kind: Nil, metadata: MetaData { attr: None } }, Sexp { kind: Nil, metadata: MetaData { attr: None } }, Sexp { kind: Nil, metadata: MetaData { attr: None } }, Sexp { kind: Nil, metadata: MetaData { attr: None } }, Sexp { kind: Nil, metadata: MetaData { attr: None } }, Sexp { kind: Nil, metadata: MetaData { attr: None } }]),
            },
        ),
    ),
    metadata: MetaData {
        attr: Some(
            Sexp {
                kind: Nil,
                metadata: MetaData {
                    attr: None,
                },
            },
        ),
    },
}
