---
source: src/rds/rds_reader.rs
expression: res
---
Sexp {
    kind: Lang(
        Lang {
            target: Sym(
                Sym {
                    data: "+",
                },
            ),
            args: [
                TaggedSexp {
                    tag: None,
                    data: Sexp {
                        kind: Sym(
                            Sym {
                                data: "x",
                            },
                        ),
                        metadata: MetaData {
                            attr: None,
                        },
                    },
                },
                TaggedSexp {
                    tag: None,
                    data: Sexp {
                        kind: Sym(
                            Sym {
                                data: "y",
                            },
                        ),
                        metadata: MetaData {
                            attr: None,
                        },
                    },
                },
            ],
        },
    ),
    metadata: MetaData {
        attr: None,
    },
}
