---
source: src/rds/tests.rs
expression: res
---
Sexp {
    kind: Logic(
        [
            false,
            true,
        ],
    ),
    metadata: MetaData {
        attr: None,
    },
}
