---
source: src/compiler/compiler.rs
expression: compiler.warnings
---
[
    VariableDoesNotExist(
        "res",
    ),
    VariableDoesNotExist(
        "res",
    ),
    VariableDoesNotExist(
        "res",
    ),
    VariableDoesNotExist(
        "res",
    ),
]
