---
source: src/compiler/compiler.rs
expression: compiler.warnings
---
[
    VariableDoesNotExist(
        ".C_R_removeTaskCallback",
    ),
]
