---
source: src/compiler/compiler.rs
expression: compiler.warnings
---
[
    VariableDoesNotExist(
        "args",
    ),
    VariableDoesNotExist(
        "prompt",
    ),
    VariableDoesNotExist(
        "r",
    ),
    VariableDoesNotExist(
        "args",
    ),
]
