---
source: src/compiler/compiler.rs
expression: compiler.warnings
---
[
    VariableDoesNotExist(
        "as.character",
    ),
    VariableDoesNotExist(
        "char",
    ),
]
