---
source: src/compiler/compiler.rs
expression: compiler.warnings
---
[]
